Лог файл.
Дополнительные изменения -1.
New logging data.
Add new line of data.
